../Core/Src/main.c:104:6:timer1_init	16	static
../Core/Src/main.c:130:6:gpio_init	16	static
../Core/Src/main.c:142:6:set_alpha	16	static
../Core/Src/main.c:177:5:main	48	static
../Core/Src/main.c:231:6:SystemClock_Config	96	static
../Core/Src/main.c:281:13:MX_TIM1_Init	96	static
../Core/Src/main.c:355:13:MX_USART2_UART_Init	8	static
../Core/Src/main.c:390:13:MX_GPIO_Init	48	static
../Core/Src/main.c:430:6:HAL_GPIO_EXTI_Callback	24	static,ignoring_inline_asm
../Core/Src/main.c:456:6:Error_Handler	4	static,ignoring_inline_asm
